// Jest Snapshot v1, https://goo.gl/fbAQLP

exports[`Verify gameboard layout template Gameboard should render correctly 1`] = `
<div>
  <Adapter>
    <Adapter />
    <Adapter>
      <Sider>
        <DiceRoller />
      </Sider>
      <Adapter>
        <GameConsole />
      </Adapter>
      <Sider />
    </Adapter>
    <Adapter />
  </Adapter>
</div>
`;
